#-----------------------------------------------------------
# Webtalk v2020.1 (64-bit)
# SW Build 2902540 on Wed May 27 19:54:49 MDT 2020
# IP Build 2902112 on Wed May 27 22:43:36 MDT 2020
# Start of session at: Fri Apr 28 15:39:44 2023
# Process ID: 10400
# Current directory: C:/Users/yoush/OneDrive/Desktop/Final_RISCVPROCESSOR_Pipelined/Final_RISCVPROCESSOR_Pipelined.sim/sim_1/behav/xsim
# Command line: wbtcv.exe -mode batch -source C:/Users/yoush/OneDrive/Desktop/Final_RISCVPROCESSOR_Pipelined/Final_RISCVPROCESSOR_Pipelined.sim/sim_1/behav/xsim/xsim.dir/tb_behav/webtalk/xsim_webtalk.tcl -notrace
# Log file: C:/Users/yoush/OneDrive/Desktop/Final_RISCVPROCESSOR_Pipelined/Final_RISCVPROCESSOR_Pipelined.sim/sim_1/behav/xsim/webtalk.log
# Journal file: C:/Users/yoush/OneDrive/Desktop/Final_RISCVPROCESSOR_Pipelined/Final_RISCVPROCESSOR_Pipelined.sim/sim_1/behav/xsim\webtalk.jou
#-----------------------------------------------------------
source C:/Users/yoush/OneDrive/Desktop/Final_RISCVPROCESSOR_Pipelined/Final_RISCVPROCESSOR_Pipelined.sim/sim_1/behav/xsim/xsim.dir/tb_behav/webtalk/xsim_webtalk.tcl -notrace
